2025-05-21 16:49:13,734 [INFO] Constraint created: CREATE CONSTRAINT IF NOT EXISTS FOR (s:Supplier) REQUIRE s.supplier_id IS UNIQUE
2025-05-21 16:49:13,821 [INFO] Received notification from DBMS server: {severity: INFORMATION} {code: Neo.ClientNotification.Schema.IndexOrConstraintAlreadyExists} {category: SCHEMA} {title: `CREATE CONSTRAINT IF NOT EXISTS FOR (e:Supplier) REQUIRE (e.supplier_id) IS UNIQUE` has no effect.} {description: `CONSTRAINT constraint_e16b56ca FOR (e:Supplier) REQUIRE (e.supplier_id) IS UNIQUE` already exists.} {position: None} for query: 'CREATE CONSTRAINT IF NOT EXISTS FOR (s:Supplier) REQUIRE s.supplier_id IS UNIQUE'
2025-05-21 16:49:14,045 [INFO] Constraint created: CREATE CONSTRAINT IF NOT EXISTS FOR (a:AuditReport) REQUIRE a.audit_id IS UNIQUE
2025-05-21 16:49:14,046 [INFO] Received notification from DBMS server: {severity: INFORMATION} {code: Neo.ClientNotification.Schema.IndexOrConstraintAlreadyExists} {category: SCHEMA} {title: `CREATE CONSTRAINT IF NOT EXISTS FOR (e:AuditReport) REQUIRE (e.audit_id) IS UNIQUE` has no effect.} {description: `CONSTRAINT constraint_4be7c1ec FOR (e:AuditReport) REQUIRE (e.audit_id) IS UNIQUE` already exists.} {position: None} for query: 'CREATE CONSTRAINT IF NOT EXISTS FOR (a:AuditReport) REQUIRE a.audit_id IS UNIQUE'
2025-05-21 16:49:14,273 [INFO] Constraint created: CREATE CONSTRAINT IF NOT EXISTS FOR (q:QualityLog) REQUIRE q.log_id IS UNIQUE
2025-05-21 16:49:14,275 [INFO] Received notification from DBMS server: {severity: INFORMATION} {code: Neo.ClientNotification.Schema.IndexOrConstraintAlreadyExists} {category: SCHEMA} {title: `CREATE CONSTRAINT IF NOT EXISTS FOR (e:QualityLog) REQUIRE (e.log_id) IS UNIQUE` has no effect.} {description: `CONSTRAINT constraint_e22eefdf FOR (e:QualityLog) REQUIRE (e.log_id) IS UNIQUE` already exists.} {position: None} for query: 'CREATE CONSTRAINT IF NOT EXISTS FOR (q:QualityLog) REQUIRE q.log_id IS UNIQUE'
2025-05-21 16:49:14,502 [INFO] Constraint created: CREATE CONSTRAINT IF NOT EXISTS FOR (d:Delivery) REQUIRE d.delivery_id IS UNIQUE
2025-05-21 16:49:14,504 [INFO] Received notification from DBMS server: {severity: INFORMATION} {code: Neo.ClientNotification.Schema.IndexOrConstraintAlreadyExists} {category: SCHEMA} {title: `CREATE CONSTRAINT IF NOT EXISTS FOR (e:Delivery) REQUIRE (e.delivery_id) IS UNIQUE` has no effect.} {description: `CONSTRAINT constraint_d90a76a FOR (e:Delivery) REQUIRE (e.delivery_id) IS UNIQUE` already exists.} {position: None} for query: 'CREATE CONSTRAINT IF NOT EXISTS FOR (d:Delivery) REQUIRE d.delivery_id IS UNIQUE'
2025-05-21 16:49:14,721 [INFO] Constraint created: CREATE CONSTRAINT IF NOT EXISTS FOR (r:RiskIndicator) REQUIRE r.risk_id IS UNIQUE
2025-05-21 16:49:14,728 [INFO] Received notification from DBMS server: {severity: INFORMATION} {code: Neo.ClientNotification.Schema.IndexOrConstraintAlreadyExists} {category: SCHEMA} {title: `CREATE CONSTRAINT IF NOT EXISTS FOR (e:RiskIndicator) REQUIRE (e.risk_id) IS UNIQUE` has no effect.} {description: `CONSTRAINT constraint_c67d017c FOR (e:RiskIndicator) REQUIRE (e.risk_id) IS UNIQUE` already exists.} {position: None} for query: 'CREATE CONSTRAINT IF NOT EXISTS FOR (r:RiskIndicator) REQUIRE r.risk_id IS UNIQUE'
2025-05-21 16:49:14,765 [INFO] Quality logs: 3600 records
2025-05-21 16:51:48,281 [INFO] Constraint created or exists: CREATE CONSTRAINT IF NOT EXISTS FOR (s:Supplier) REQUIRE s.supplier_id IS UNIQUE
2025-05-21 16:51:48,284 [INFO] Received notification from DBMS server: {severity: INFORMATION} {code: Neo.ClientNotification.Schema.IndexOrConstraintAlreadyExists} {category: SCHEMA} {title: `CREATE CONSTRAINT IF NOT EXISTS FOR (e:Supplier) REQUIRE (e.supplier_id) IS UNIQUE` has no effect.} {description: `CONSTRAINT constraint_e16b56ca FOR (e:Supplier) REQUIRE (e.supplier_id) IS UNIQUE` already exists.} {position: None} for query: 'CREATE CONSTRAINT IF NOT EXISTS FOR (s:Supplier) REQUIRE s.supplier_id IS UNIQUE'
2025-05-21 16:51:48,550 [INFO] Constraint created or exists: CREATE CONSTRAINT IF NOT EXISTS FOR (a:AuditReport) REQUIRE a.audit_id IS UNIQUE
2025-05-21 16:51:48,551 [INFO] Received notification from DBMS server: {severity: INFORMATION} {code: Neo.ClientNotification.Schema.IndexOrConstraintAlreadyExists} {category: SCHEMA} {title: `CREATE CONSTRAINT IF NOT EXISTS FOR (e:AuditReport) REQUIRE (e.audit_id) IS UNIQUE` has no effect.} {description: `CONSTRAINT constraint_4be7c1ec FOR (e:AuditReport) REQUIRE (e.audit_id) IS UNIQUE` already exists.} {position: None} for query: 'CREATE CONSTRAINT IF NOT EXISTS FOR (a:AuditReport) REQUIRE a.audit_id IS UNIQUE'
2025-05-21 16:51:48,809 [INFO] Constraint created or exists: CREATE CONSTRAINT IF NOT EXISTS FOR (q:QualityLog) REQUIRE q.log_id IS UNIQUE
2025-05-21 16:51:48,811 [INFO] Received notification from DBMS server: {severity: INFORMATION} {code: Neo.ClientNotification.Schema.IndexOrConstraintAlreadyExists} {category: SCHEMA} {title: `CREATE CONSTRAINT IF NOT EXISTS FOR (e:QualityLog) REQUIRE (e.log_id) IS UNIQUE` has no effect.} {description: `CONSTRAINT constraint_e22eefdf FOR (e:QualityLog) REQUIRE (e.log_id) IS UNIQUE` already exists.} {position: None} for query: 'CREATE CONSTRAINT IF NOT EXISTS FOR (q:QualityLog) REQUIRE q.log_id IS UNIQUE'
2025-05-21 16:51:49,071 [INFO] Constraint created or exists: CREATE CONSTRAINT IF NOT EXISTS FOR (d:Delivery) REQUIRE d.delivery_id IS UNIQUE
2025-05-21 16:51:49,074 [INFO] Received notification from DBMS server: {severity: INFORMATION} {code: Neo.ClientNotification.Schema.IndexOrConstraintAlreadyExists} {category: SCHEMA} {title: `CREATE CONSTRAINT IF NOT EXISTS FOR (e:Delivery) REQUIRE (e.delivery_id) IS UNIQUE` has no effect.} {description: `CONSTRAINT constraint_d90a76a FOR (e:Delivery) REQUIRE (e.delivery_id) IS UNIQUE` already exists.} {position: None} for query: 'CREATE CONSTRAINT IF NOT EXISTS FOR (d:Delivery) REQUIRE d.delivery_id IS UNIQUE'
2025-05-21 16:51:49,334 [INFO] Constraint created or exists: CREATE CONSTRAINT IF NOT EXISTS FOR (r:RiskIndicator) REQUIRE r.risk_id IS UNIQUE
2025-05-21 16:51:49,337 [INFO] Received notification from DBMS server: {severity: INFORMATION} {code: Neo.ClientNotification.Schema.IndexOrConstraintAlreadyExists} {category: SCHEMA} {title: `CREATE CONSTRAINT IF NOT EXISTS FOR (e:RiskIndicator) REQUIRE (e.risk_id) IS UNIQUE` has no effect.} {description: `CONSTRAINT constraint_c67d017c FOR (e:RiskIndicator) REQUIRE (e.risk_id) IS UNIQUE` already exists.} {position: None} for query: 'CREATE CONSTRAINT IF NOT EXISTS FOR (r:RiskIndicator) REQUIRE r.risk_id IS UNIQUE'
2025-05-21 16:51:49,383 [INFO] Quality logs: 3600 records
2025-05-21 17:25:05,884 [INFO] Delivery records: 3600
2025-05-21 17:52:42,667 [INFO] Risk indicators: 1200 records
2025-05-21 17:59:59,794 [INFO] Constraint created or exists: CREATE CONSTRAINT IF NOT EXISTS FOR (s:Supplier) REQUIRE s.supplier_id IS UNIQUE
2025-05-21 17:59:59,798 [INFO] Received notification from DBMS server: {severity: INFORMATION} {code: Neo.ClientNotification.Schema.IndexOrConstraintAlreadyExists} {category: SCHEMA} {title: `CREATE CONSTRAINT IF NOT EXISTS FOR (e:Supplier) REQUIRE (e.supplier_id) IS UNIQUE` has no effect.} {description: `CONSTRAINT constraint_e16b56ca FOR (e:Supplier) REQUIRE (e.supplier_id) IS UNIQUE` already exists.} {position: None} for query: 'CREATE CONSTRAINT IF NOT EXISTS FOR (s:Supplier) REQUIRE s.supplier_id IS UNIQUE'
2025-05-21 18:00:00,043 [INFO] Constraint created or exists: CREATE CONSTRAINT IF NOT EXISTS FOR (a:AuditReport) REQUIRE a.audit_id IS UNIQUE
2025-05-21 18:00:00,085 [INFO] Received notification from DBMS server: {severity: INFORMATION} {code: Neo.ClientNotification.Schema.IndexOrConstraintAlreadyExists} {category: SCHEMA} {title: `CREATE CONSTRAINT IF NOT EXISTS FOR (e:AuditReport) REQUIRE (e.audit_id) IS UNIQUE` has no effect.} {description: `CONSTRAINT constraint_4be7c1ec FOR (e:AuditReport) REQUIRE (e.audit_id) IS UNIQUE` already exists.} {position: None} for query: 'CREATE CONSTRAINT IF NOT EXISTS FOR (a:AuditReport) REQUIRE a.audit_id IS UNIQUE'
2025-05-21 18:00:00,479 [INFO] Constraint created or exists: CREATE CONSTRAINT IF NOT EXISTS FOR (q:QualityLog) REQUIRE q.log_id IS UNIQUE
2025-05-21 18:00:00,486 [INFO] Received notification from DBMS server: {severity: INFORMATION} {code: Neo.ClientNotification.Schema.IndexOrConstraintAlreadyExists} {category: SCHEMA} {title: `CREATE CONSTRAINT IF NOT EXISTS FOR (e:QualityLog) REQUIRE (e.log_id) IS UNIQUE` has no effect.} {description: `CONSTRAINT constraint_e22eefdf FOR (e:QualityLog) REQUIRE (e.log_id) IS UNIQUE` already exists.} {position: None} for query: 'CREATE CONSTRAINT IF NOT EXISTS FOR (q:QualityLog) REQUIRE q.log_id IS UNIQUE'
2025-05-21 18:00:00,702 [INFO] Constraint created or exists: CREATE CONSTRAINT IF NOT EXISTS FOR (d:Delivery) REQUIRE d.delivery_id IS UNIQUE
2025-05-21 18:00:00,708 [INFO] Received notification from DBMS server: {severity: INFORMATION} {code: Neo.ClientNotification.Schema.IndexOrConstraintAlreadyExists} {category: SCHEMA} {title: `CREATE CONSTRAINT IF NOT EXISTS FOR (e:Delivery) REQUIRE (e.delivery_id) IS UNIQUE` has no effect.} {description: `CONSTRAINT constraint_d90a76a FOR (e:Delivery) REQUIRE (e.delivery_id) IS UNIQUE` already exists.} {position: None} for query: 'CREATE CONSTRAINT IF NOT EXISTS FOR (d:Delivery) REQUIRE d.delivery_id IS UNIQUE'
2025-05-21 18:00:00,940 [INFO] Constraint created or exists: CREATE CONSTRAINT IF NOT EXISTS FOR (r:RiskIndicator) REQUIRE r.risk_id IS UNIQUE
2025-05-21 18:00:00,944 [INFO] Received notification from DBMS server: {severity: INFORMATION} {code: Neo.ClientNotification.Schema.IndexOrConstraintAlreadyExists} {category: SCHEMA} {title: `CREATE CONSTRAINT IF NOT EXISTS FOR (e:RiskIndicator) REQUIRE (e.risk_id) IS UNIQUE` has no effect.} {description: `CONSTRAINT constraint_c67d017c FOR (e:RiskIndicator) REQUIRE (e.risk_id) IS UNIQUE` already exists.} {position: None} for query: 'CREATE CONSTRAINT IF NOT EXISTS FOR (r:RiskIndicator) REQUIRE r.risk_id IS UNIQUE'
2025-05-21 18:00:01,002 [INFO] Risk indicators: 1200 records
2025-05-21 18:13:29,362 [INFO] All data ingested successfully.
